{
  "event": {
    "trace_id": [
      "ce503fdeaf6b2fb3149c471d8edb782f"
    ],
    "name": "shipment",
    "type": "update",
    "version": "1",
    "created_timestamp": 1780999856253,
    "id": "6cDPtpvzpdM3SD8yD9gSP0waM9Fm0MeATQtm5aQI9YU=",
    "category": "application",
    "referer": "fynd.com"
  },
  "company_id": 12655,
  "application_id": "693fe96ce6fa9a0584984321",
  "contains": [
    "shipment"
  ],
  "payload": {
    "shipment": {
      "status": "bag_confirmed",
      "is_active": true,
      "shipment_status": {
        "meta": {
          "action_user": {
            "title": "admin",
            "user_id": "23573180",
            "user_name": "Showkat Ahmad",
            "order_role": "full_access",
            "employee_code": ""
          },
          "request_meta": {},
          "estimated_sla_ts": "2026-06-04T08:00:00Z",
          "estimated_sla_time": "2026-06-04T13:30:00+05:30",
          "state_manager_used": "entity",
          "inventory_update_required": true
        },
        "id": 315594592,
        "updated_ts": "2026-06-09T10:10:55Z",
        "shipment_id": "17805562897681851990",
        "bag_list": [
          "52215745"
        ],
        "status": "bag_confirmed",
        "seller_qc_details": null,
        "created_ts": "2026-06-09T10:10:55Z",
        "created_at": "2026-06-09T15:40:56+00:00",
        "display_name": "Confirmed",
        "current_shipment_status": "bag_confirmed",
        "status_created_at": "2026-06-09T15:40:56+00:00"
      },
      "application_id": "693fe96ce6fa9a0584984321",
      "shipment_id": "17805562897681851990",
      "company_id": 12655,
      "app_company_id": 12655,
      "order_id": "FY6A21220154DFB3A680",
      "merchant_id": "",
      "user": {
        "meta": {
          "country_phone_code": "91"
        },
        "external_customer_id": null,
        "mobile": "8779095610",
        "user_oid": "698f19caa67ef097082dd923",
        "first_name": "junaid",
        "id": 22865199,
        "last_name": "kazi",
        "mongo_user_id": "698f19caa67ef097082dd923",
        "email": "rajat.chaturvedi@iamtechie.com",
        "gender": "male",
        "country_phone_code": "91",
        "is_anonymous_user": false
      },
      "delivery_address": {
        "id": "69b3d1e383b9a6d7d2ab0ad7",
        "uid": 7020786,
        "area": "2644",
        "city": "Dammam",
        "name": "jujnaid kazi",
        "email": "rajat.chaturvedi@iamtechie.com",
        "phone": "569000009",
        "state": "Eastern Province",
        "sector": "Ghirnatah",
        "address": "2644, الملك فهد ابن عبدالعزيز سعود",
        "country": "Saudi Arabia",
        "pincode": "EDJE2644",
        "user_id": 22865199,
        "version": "1.0",
        "address1": "2644 2644, الملك فهد ابن عبدالعزيز سعود\nGhirnatah\nDammam EDJE2644\nSaudi Arabia",
        "address2": "",
        "landmark": "Ghirnatah",
        "latitude": 26.42068279999999,
        "area_code": "EDJE2644",
        "longitude": 50.08833020925522,
        "created_at": "2026-06-04T12:28:09+00:00",
        "state_code": "Eastern Province",
        "updated_at": "2026-06-04T12:28:09+00:00",
        "address_type": "Home",
        "country_code": "+966",
        "geo_location": {
          "latitude": 26.42068279999999,
          "longitude": 50.08833020925522
        },
        "area_code_slug": "pincode",
        "contact_person": "jujnaid kazi",
        "display_address": "2644 2644, الملك فهد ابن عبدالعزيز سعود\nGhirnatah\nDammam EDJE2644\nSaudi Arabia",
        "address_category": "",
        "country_iso_code": "SA",
        "country_phone_code": "+966",
        "delivery_address_id": 7020786
      },
      "billing_address": {
        "id": "69b3d1e383b9a6d7d2ab0ad7",
        "uid": 7020786,
        "area": "2644",
        "city": "Dammam",
        "name": "jujnaid kazi",
        "email": "rajat.chaturvedi@iamtechie.com",
        "phone": "569000009",
        "state": "Eastern Province",
        "sector": "Ghirnatah",
        "address": "2644, الملك فهد ابن عبدالعزيز سعود",
        "country": "Saudi Arabia",
        "pincode": "EDJE2644",
        "user_id": "698f19caa67ef097082dd923",
        "version": "1.0",
        "address1": "2644 2644, الملك فهد ابن عبدالعزيز سعود\nGhirnatah\nDammam EDJE2644\nSaudi Arabia",
        "address2": "",
        "landmark": "Ghirnatah",
        "latitude": 26.42068279999999,
        "area_code": "EDJE2644",
        "longitude": 50.08833020925522,
        "created_at": "2026-06-04 12:28:09",
        "state_code": "Eastern Province",
        "updated_at": "2026-06-04 12:28:09",
        "address_type": "Home",
        "country_code": "+966",
        "geo_location": {
          "latitude": 26.42068279999999,
          "longitude": 50.08833020925522
        },
        "area_code_slug": "pincode",
        "contact_person": "jujnaid kazi",
        "display_address": "2644 2644, الملك فهد ابن عبدالعزيز سعود\nGhirnatah\nDammam EDJE2644\nSaudi Arabia",
        "address_category": "",
        "country_iso_code": "SA",
        "country_phone_code": "+966",
        "delivery_address_id": 7020786
      },
      "delivery_partner_details": {
        "id": null,
        "account": null,
        "name": null,
        "awb_no": null,
        "eway_bill_id": null,
        "track_url": null,
        "gst_tag": "sgst",
        "extension_id": null,
        "scheme_id": null,
        "courier_partner_slug": null
      },
      "bags": [
        {
          "financial_breakup": [
            {
              "brand_calculated_amount": 28,
              "discount": 0,
              "gst_fee": 3.65,
              "gst_tax_percentage": 15,
              "gst_tag": "IGST",
              "hsn_code": "",
              "identifiers": {
                "sku_code": "206203"
              },
              "price_marked": 28,
              "tax_collected_at_source": 0,
              "tcs_percentage": 0,
              "total_units": 1,
              "value_of_good": 24.35,
              "item_name": "NIVEA MEN Sensitive Shaving Gel, 200ml",
              "size": "OS",
              "amount_paid": 28,
              "delivery_charge": 0,
              "price_effective": 28,
              "refund_amount": 28,
              "taxes": [
                {
                  "name": "VAT",
                  "rate": 0.15,
                  "tax_amount": 3.652174,
                  "taxable_amount": 24.347826
                }
              ],
              "loyalty_discount": 0
            }
          ],
          "entity_type": "bag",
          "item": {
            "last_updated_at": "2026-06-04T12:28:10+00:00",
            "slug_key": "nivea-men-sensitive-shaving-gel-200ml",
            "webstore_product_url": null,
            "attributes": {
              "vegan": [],
              "gender": [
                "Men"
              ],
              "battery": [],
              "benefits": [
                "Softens stubble for a close shave without tug and pull. Protects skin from irritations. The 0% alcohol formula prevents burning. Leaves skin feeling comfortable and smooth. Improves skin's condition over time."
              ],
              "features": [],
              "function": [],
              "hair_type": [],
              "pack-size": "1",
              "skin_type": [],
              "brand_name": "Generic",
              "components": [],
              "how_to_use": "Dispense a small amount of gel onto your palms and massage directly onto a wet face to form a lather. Proceed with shaving. For optimal results, use in conjunction with the complete NIVEA MEN Sensitive grooming range.",
              "speciality": "0% Alcohol",
              "aroma-group": [],
              "category-l1": "Health Beauty",
              "colour-group": [],
              "eco-friendly": [],
              "l3_item_type": "Shaving Creams Gels",
              "net-quantity": "1 N",
              "hair-concerns": [],
              "primary_color": "Black",
              "skin-concerns": [
                "Irritation, Sensitivity, Razor Burn"
              ],
              "l2_subcategory": "Men S Care",
              "makeup-texture": [],
              "product-nature": [],
              "product_format": "Gel",
              "coverage-levels": [],
              "product-formula": [],
              "skincare-by-age": [],
              "fragrance_family": [],
              "primary_material": "Wood",
              "primary_color_hex": "000000",
              "active_ingredients": [],
              "custom-attribute-7": [],
              "custom-attribute-8": [],
              "custom-attribute-9": [],
              "custom-attribute-10": [],
              "custom-attribute-11": [],
              "custom-attribute-12": [],
              "media": []
            },
            "meta": {
              "tags": [
                "nivea men shaving gel, sensitive skin shave gel, alcohol free shaving gel, men's grooming, comfortable shave, chamomile shaving gel, shaving gel for men"
              ],
              "departments": [
                51
              ]
            },
            "brand_id": 5989,
            "id": 17983150,
            "l2_category_id": 4974,
            "l1_category": [
              "Pharmacy, Health and Wellness"
            ],
            "branch_url": null,
            "color": null,
            "name": "NIVEA MEN Sensitive Shaving Gel, 200ml",
            "gender": null,
            "can_cancel": true,
            "can_return": true,
            "brand": "Generic",
            "code": "206203",
            "l1_category_id": 4973,
            "l3_category": 4975,
            "l3_category_name": "Pharmacy, Health and Wellness",
            "l2_category": [
              "Pharmacy, Health and Wellness"
            ],
            "department_id": 51,
            "size": "OS",
            "tags": [
              "nivea men shaving gel, sensitive skin shave gel, alcohol free shaving gel, men's grooming, comfortable shave, chamomile shaving gel, shaving gel for men"
            ],
            "image": [
              "https://cdn.fynd.com/v2/falling-surf-7c8bb8/fyprod/wrkr/products/pictures/item/free/270x0/generic/206203/0/k0VGv5NM7j-oiiWUojN5P-nY8RCNfO46-41nEURHaOiL.jpg"
            ]
          },
          "brand": {
            "id": 5989,
            "logo": "https://cdn.fynd.com/v2/falling-surf-7c8bb8/fyprod/wrkr/brands/pictures/square-logo/original/AogxD7pYK-Logo.png",
            "created_on": "2023-05-24T05:34:01+00:00",
            "modified_on": "2023-06-20T19:00:36+00:00",
            "is_virtual_invoice": false,
            "credit_note_allowed": false,
            "brand_name": "Generic"
          },
          "bag_id": 52215745,
          "article": {
            "identifiers": {
              "sku_code": "206203"
            },
            "bundle_group_id": null,
            "esp_modified": false,
            "size": "OS",
            "code": "",
            "raw_meta": null,
            "set": {},
            "is_set": false,
            "seller_identifier": "206203",
            "return_config": {
              "time": 0,
              "unit": "days",
              "returnable": false,
              "allow_partial_return": false
            },
            "_id": "69f287460a6638e6b4bb9563",
            "uid": "69f287460a6638e6b4bb9563",
            "child_details": {},
            "dimensions": {
              "unit": "cm",
              "width": 10,
              "height": 5,
              "length": 10,
              "is_default": true
            },
            "weight": {
              "unit": "gram",
              "shipping": 100,
              "is_default": true
            },
            "currency": {
              "code": "SAR",
              "rate": 1
            },
            "expiration_date": null,
            "_custom_json": {
              "_display": []
            },
            "bundle_details": {}
          },
          "current_operational_status": {
            "delivery_awb_number": null,
            "state_id": 2,
            "id": 388250939,
            "updated_at": "2026-06-09T15:40:56+00:00",
            "updated_ts": "2026-06-09T10:10:55Z",
            "delivery_partner_id": null,
            "shipment_id": "17805562897681851990",
            "kafka_sync": false,
            "state_type": "operational",
            "article_meta": {
              "_id": "69f287460a6638e6b4bb9563",
              "inventory_movement": {
                "from_action": "order_committed",
                "to_action": {
                  "": {
                    "reason_id": "",
                    "action": null,
                    "total_quantity": "SUBTRACT"
                  }
                }
              }
            },
            "status": "bag_confirmed",
            "store_id": 94692,
            "bag_id": 52215745,
            "created_ts": "2026-06-09T10:10:55Z",
            "created_at": "2026-06-09T15:40:56+00:00",
            "bag_state_mapper": {
              "app_facing": true,
              "notify_customer": false,
              "journey_type": "forward",
              "state_type": "operational",
              "display_name": "Confirmed",
              "id": 2,
              "app_display_name": "Confirmed",
              "is_active": true,
              "name": "bag_confirmed",
              "app_state_name": "confirmed"
            },
            "reasons": [],
            "action_user": {
              "title": "admin",
              "user_id": "23573180",
              "user_name": "Showkat Ahmad",
              "order_role": "full_access",
              "employee_code": ""
            }
          },
          "affiliate_bag_details": {
            "affiliate_bag_id": "52215745",
            "affiliate_order_id": "FY6A21220154DFB3A680",
            "affiliate_meta": {
              "fynd": {
                "fulfilment_identifier": "pulse",
                "fulfilment_identifiers_list": [
                  "pulse"
                ]
              },
              "channel_shipment_id": null,
              "channel_order_id": null,
              "due_date": null,
              "is_priority": false,
              "box_type": null,
              "coupon_code": null,
              "size_level_total_qty": 1,
              "loyalty_discount": 0,
              "employee_discount": 0
            },
            "loyalty_discount": 0,
            "employee_discount": 0
          },
          "payment_methods": {
            "COD": {
              "meta": {
                "payment_gateway": "Fynd",
                "payment_identifier": "undefined"
              },
              "mode": "COD",
              "amount": 28,
              "refund_by": "",
              "collect_by": "",
              "identifier": "CODundefined"
            }
          },
          "payment_info": [
            {
              "meta": {
                "payment_gateway": "Fynd",
                "payment_identifier": "undefined"
              },
              "mode": "COD",
              "amount": 28,
              "refund_by": "",
              "collect_by": "",
              "identifier": "CODundefined"
            }
          ],
          "quantity": 1,
          "prices": {
            "price_effective": 28,
            "discount": 0,
            "amount_paid": 28,
            "coupon_effective_discount": 0,
            "delivery_charge": 0,
            "fynd_credits": 0,
            "cod_charges": 0,
            "refund_credit": 0,
            "cashback": 0,
            "refund_amount": 28,
            "added_to_fynd_cash": false,
            "cashback_applied": 0,
            "gst_tax_percentage": 15,
            "value_of_good": 24.347826,
            "price_marked": 28,
            "transfer_price": 0,
            "brand_calculated_amount": 28,
            "tax_collected_at_source": 0,
            "tcs_percentage": 0,
            "promotion_effective_discount": 0,
            "gift_price": 0,
            "loyalty_discount": 0,
            "cost_price": 0,
            "coupon_value": 0,
            "seller_promotion_effective_discount": 0,
            "fynd_promotion_effective_discount": 0,
            "amount_paid_roundoff": 28
          },
          "order_created": "2026-06-04T12:28:10+00:00",
          "gst_details": {
            "gstin_code": null,
            "gst_tag": "IGST",
            "hsn_code": "",
            "value_of_good": 24.347826,
            "gst_tax_percentage": 15,
            "is_default_hsn_code": true,
            "brand_calculated_amount": 28,
            "tax_collected_at_source": 0,
            "hsn_code_id": null,
            "tax_rule_id": "693fe96a5aad37e33730e360",
            "gst_fee": 3.652174,
            "igst_tax_percentage": 15,
            "sgst_tax_percentage": 0,
            "cgst_tax_percentage": 0,
            "igst_gst_fee": 3.652174,
            "cgst_gst_fee": 0,
            "sgst_gst_fee": 0,
            "total_gst_fee": 3.652174
          },
          "line_number": 1,
          "applied_promos": [],
          "meta": {
            "dp_name": "",
            "group_id": "",
            "gift_card": {
              "gift_price": 0,
              "display_text": "",
              "is_gift_applied": false
            },
            "awb_number": "",
            "_custom_json": {
              "_display": []
            },
            "tracking_url": "",
            "docket_number": "178055628976818519901",
            "partial_can_ret": false,
            "sequence_number": 4,
            "country_of_origin": "Saudi Arabia",
            "cod_charges_hsn_code": null,
            "parent_docket_number": "178055628976818519901",
            "promised_delivery_date": "",
            "cod_charges_tax_rule_id": "693fe96a5aad37e33730e360",
            "estimated_delivery_date": "",
            "is_bundle_article_order": true,
            "delivery_charges_hsn_code": "",
            "multi_quantity_bag_enabled": false,
            "courier_partner_shipper_name": "",
            "delivery_charges_tax_rule_id": ""
          },
          "charges": [],
          "taxes": [
            {
              "name": "VAT",
              "rate": 0.15,
              "tax_amount": 3.652174,
              "taxable_amount": 24.347826
            }
          ],
          "tax_rule_id": []
        }
      ],
      "bag_status_history": [
        {
          "delivery_awb_number": null,
          "state_id": 89,
          "id": 386687995,
          "updated_at": "2026-06-04T12:28:10+00:00",
          "updated_ts": "2026-06-04T06:58:09Z",
          "delivery_partner_id": null,
          "shipment_id": "17805562897681851990",
          "kafka_sync": false,
          "state_type": "operational",
          "article_meta": {
            "_id": "69f287460a6638e6b4bb9563"
          },
          "status": "pending",
          "store_id": 94692,
          "bag_id": 52215745,
          "created_ts": "2026-06-04T06:58:09Z",
          "created_at": "2026-06-04T12:28:10+00:00",
          "bag_state_mapper": {
            "app_facing": true,
            "notify_customer": true,
            "journey_type": "forward",
            "state_type": "operational",
            "display_name": "Pending",
            "id": 89,
            "app_display_name": "Pending",
            "is_active": true,
            "name": "pending",
            "app_state_name": "pending"
          },
          "reasons": [],
          "action_user": {}
        },
        {
          "delivery_awb_number": null,
          "state_id": 1,
          "id": 386688011,
          "updated_at": "2026-06-04T12:28:11+00:00",
          "updated_ts": "2026-06-04T06:58:10Z",
          "delivery_partner_id": null,
          "shipment_id": "17805562897681851990",
          "kafka_sync": false,
          "state_type": "operational",
          "article_meta": {
            "_id": "69f287460a6638e6b4bb9563",
            "inventory_movement": {
              "from_action": "sellable",
              "to_action": {
                "": {
                  "reason_id": "",
                  "action": "order_committed",
                  "total_quantity": null
                }
              }
            }
          },
          "status": "placed",
          "store_id": 94692,
          "bag_id": 52215745,
          "created_ts": "2026-06-04T06:58:10Z",
          "created_at": "2026-06-04T12:28:11+00:00",
          "bag_state_mapper": {
            "app_facing": true,
            "notify_customer": true,
            "journey_type": "forward",
            "state_type": "operational",
            "display_name": "Placed",
            "id": 1,
            "app_display_name": "Processing",
            "is_active": true,
            "name": "placed",
            "app_state_name": "processing"
          },
          "reasons": [],
          "action_user": {}
        },
        {
          "delivery_awb_number": null,
          "state_id": 2,
          "id": 388250939,
          "updated_at": "2026-06-09T15:40:56+00:00",
          "updated_ts": "2026-06-09T10:10:55Z",
          "delivery_partner_id": null,
          "shipment_id": "17805562897681851990",
          "kafka_sync": false,
          "state_type": "operational",
          "article_meta": {
            "_id": "69f287460a6638e6b4bb9563",
            "inventory_movement": {
              "from_action": "order_committed",
              "to_action": {
                "": {
                  "reason_id": "",
                  "action": null,
                  "total_quantity": "SUBTRACT"
                }
              }
            }
          },
          "status": "bag_confirmed",
          "store_id": 94692,
          "bag_id": 52215745,
          "created_ts": "2026-06-09T10:10:55Z",
          "created_at": "2026-06-09T15:40:56+00:00",
          "bag_state_mapper": {
            "app_facing": true,
            "notify_customer": false,
            "journey_type": "forward",
            "state_type": "operational",
            "display_name": "Confirmed",
            "id": 2,
            "app_display_name": "Confirmed",
            "is_active": true,
            "name": "bag_confirmed",
            "app_state_name": "confirmed"
          },
          "reasons": [],
          "action_user": {
            "title": "admin",
            "user_id": "23573180",
            "user_name": "Showkat Ahmad",
            "order_role": "full_access",
            "employee_code": ""
          }
        }
      ],
      "fulfilling_store": {
        "id": 94692,
        "code": "94692",
        "name": "Jeddah, Riyadh, and Dammam",
        "address": "VVP9+CF4 Ash Sharq Ash Sharq\nAd Dubiyah\nRiyadh\nSaudi Arabia, Riyadh - ",
        "state": "",
        "city": "Riyadh",
        "pincode": "",
        "country": "Saudi Arabia",
        "phone": "9660585553300",
        "meta": {
          "timing": [
            {
              "open": true,
              "closing": {
                "hour": 22,
                "minute": 0
              },
              "weekday": "monday",
              "opening": {
                "hour": 11,
                "minute": 0
              }
            },
            {
              "open": true,
              "closing": {
                "hour": 22,
                "minute": 0
              },
              "weekday": "tuesday",
              "opening": {
                "hour": 11,
                "minute": 0
              }
            },
            {
              "open": true,
              "closing": {
                "hour": 22,
                "minute": 0
              },
              "weekday": "wednesday",
              "opening": {
                "hour": 11,
                "minute": 0
              }
            },
            {
              "open": true,
              "closing": {
                "hour": 22,
                "minute": 0
              },
              "weekday": "thursday",
              "opening": {
                "hour": 11,
                "minute": 0
              }
            },
            {
              "open": true,
              "closing": {
                "hour": 22,
                "minute": 0
              },
              "weekday": "friday",
              "opening": {
                "hour": 11,
                "minute": 0
              }
            },
            {
              "open": true,
              "closing": {
                "hour": 22,
                "minute": 0
              },
              "weekday": "saturday",
              "opening": {
                "hour": 11,
                "minute": 0
              }
            },
            {
              "open": true,
              "closing": {
                "hour": 22,
                "minute": 0
              },
              "weekday": "sunday",
              "opening": {
                "hour": 11,
                "minute": 0
              }
            }
          ],
          "stage": null,
          "display_name": "Jeddah, Riyadh, and Dammam",
          "notification_emails": [],
          "product_return_config": {
            "on_same_store": true
          },
          "gst_credentials": {
            "e_invoice": {
              "enabled": false
            },
            "e_waybill": {
              "enabled": false
            }
          },
          "gst_number": null,
          "additional_contact_details": {
            "number": [
              "966 - 0585553300"
            ]
          },
          "documents": {},
          "auto_invoice": false,
          "credit_note": false,
          "ewaybill_portal_details": null
        },
        "fulfillment_channel": "pulse",
        "location_type": "high_street",
        "company_id": 12655,
        "is_active": false,
        "tags": []
      },
      "prices": {
        "amount_paid": 28,
        "refund_amount": 28,
        "price_marked": 28,
        "cod_charges": 0,
        "discount": 0,
        "cashback_applied": 0,
        "delivery_charge": 0,
        "fynd_credits": 0,
        "cashback": 0,
        "price_effective": 28,
        "refund_credit": 0,
        "value_of_good": 24.35,
        "coupon_value": 0,
        "tax_collected_at_source": 0,
        "promotion_effective_discount": 0,
        "fynd_promotion_effective_discount": 0,
        "seller_promotion_effective_discount": 0,
        "cn_refund_amount": 0,
        "gift_price": 0,
        "loyalty_discount": 0,
        "cost_price": 0,
        "amount_paid_roundoff": 28
      },
      "payments": {
        "id": 2,
        "mode": "COD",
        "logo": "https://cdn.fynd.com/v2/falling-surf-7c8bb8/fyndnp/wrkr/x5/payments/original/t8XMizL2k-cod.png",
        "display_name": "Cash On Delivery",
        "display_priority": 1,
        "source": "Cash on Delivery",
        "is_active": true
      },
      "affiliate_details": {
        "id": "693fe96ce6fa9a0584984321",
        "affiliate_bag_id": "52215745",
        "affiliate_order_id": "FY6A21220154DFB3A680",
        "company_affiliate_tag": "Saudi German Health",
        "affiliate_id": "693fe96ce6fa9a0584984321",
        "affiliate_shipment_id": "17805562897681851990",
        "shipment_meta": {
          "sla": 1780560000,
          "dp_id": "652255c58ab4101b2595c6c5",
          "weight": 100,
          "dp_name": "",
          "external": {},
          "vertical": "NA",
          "dimension": {
            "width": 34.29,
            "height": 11,
            "length": 43.18
          },
          "formatted": {
            "max": "Fri, 05 Jun",
            "min": "Fri, 05 Jun"
          },
          "lock_data": {
            "mto": false,
            "locked": false,
            "lock_message": ""
          },
          "timestamp": {
            "max": 1780646400,
            "min": 1780646400
          },
          "awb_number": "",
          "bag_weight": {
            "52215745": 100
          },
          "debug_info": {
            "stormbreaker_uuid": ""
          },
          "dp_options": {},
          "order_type": "HomeDelivery",
          "dp_sort_key": null,
          "is_self_ship": true,
          "packaging_id": "system_default",
          "parent_dp_id": "652255c58ab4101b2595c6c5",
          "tracking_url": "",
          "shipment_cost": 28,
          "shipment_tags": [
            {
              "slug": "Next Day Delivery",
              "entity_type": "shipment",
              "display_text": "Next Day Delivery"
            }
          ],
          "shipment_type": "3P",
          "delivery_slots": {},
          "is_auto_assign": true,
          "packaging_name": "POLYB_DFLT_L",
          "payment_status": "Unpaid",
          "courier_partners": [
            {
              "mps": true,
              "tat": {
                "max": 86400,
                "min": 86400
              },
              "slug": "652255c58ab4101b2595c6c5|652255c58ab4101b2595c6c5",
              "is_cod": true,
              "area_code": {
                "source": "",
                "destination": ""
              },
              "scheme_id": "652255c58ab4101b2595c6c5",
              "display_name": "Self Delivery",
              "extension_id": "652255c58ab4101b2595c6c5",
              "is_self_ship": true,
              "ndr_attempts": 0,
              "rate_breakup": null,
              "delivery_type": "standard",
              "fragile_goods": true,
              "is_qc_enabled": true,
              "estimated_rate": null,
              "is_own_account": true,
              "transport_type": "surface",
              "dangerous_goods": true,
              "doorstep_return": true,
              "restricted_goods": true,
              "doorstep_exchange": true,
              "cold_storage_goods": true,
              "product_installation": true,
              "forward_pickup_cutoff": null,
              "reverse_pickup_cutoff": null,
              "qc_shipment_item_quantity": null,
              "non_qc_shipment_item_quantity": null
            }
          ],
          "fulfillment_tags": [],
          "is_international": false,
          "packaging_weight": null,
          "is_export_shipment": false,
          "packaging_error_rate": null,
          "packaging_vol_weight": null,
          "process_after_config": {
            "is_scheduled_shipment": false,
            "enable_processing_after": null
          },
          "same_store_available": true,
          "comms_delivery_status": {
            "delay_delivery_comms_sent": true
          },
          "promised_delivery_date": "",
          "estimated_delivery_date": "",
          "fulfilment_priority_text": "Next Day Delivery",
          "courier_partner_shipper_name": "",
          "auto_trigger_dp_assignment_ACF": true,
          "eligible_for_split": false
        },
        "affiliate_meta": {
          "fynd": {
            "fulfilment_identifier": "pulse",
            "fulfilment_identifiers_list": [
              "pulse"
            ]
          },
          "channel_shipment_id": null,
          "channel_order_id": null,
          "due_date": null,
          "is_priority": false,
          "box_type": null,
          "coupon_code": null,
          "size_level_total_qty": 1,
          "loyalty_discount": 0,
          "employee_discount": 0
        },
        "affiliate_store_id": "94692",
        "pdf_links": {
          "label_type": "fynd",
          "invoice_type": "fynd"
        },
        "config": {
          "id": "693fe96ce6fa9a0584984321",
          "meta": [],
          "name": "Saudi German Health",
          "owner": "ebdd64a0c8e324fff84ca337",
          "token": "GQ1rj7OCR",
          "secret": "3mK1cmUqbX",
          "createdAt": null,
          "updatedAt": null,
          "cart_config": {
            "enabled": true,
            "pan_card": {
              "cod_threshold_amount": 0,
              "online_threshold_amount": 0
            },
            "bulk_coupons": false,
            "offer_enabled": false,
            "engage_enabled": false,
            "max_cart_items": 50,
            "min_cart_value": 0,
            "delivery_charges": {
              "charges": [],
              "enabled": false,
              "sac_code": "",
              "tax_rule_id": ""
            },
            "revenue_engine_coupon": false,
            "international_delivery_charges": {
              "charges": [],
              "enabled": false,
              "sac_code": "",
              "tax_rule_id": ""
            }
          },
          "description": "Discover cutting-edge technology and premium electronics at Techies Saudi Store. Your trusted destination for the latest gadgets, accessories, and tech solutions in Saudi Arabia.",
          "seller_model": "single_seller",
          "dp_assignment": true,
          "app_company_id": 12655,
          "commerce_model": [
            "b2c_d2c"
          ],
          "payment_config": {
            "source": "ECOMM",
            "enabled": true,
            "methods": {
              "fc": {
                "enabled": false
              },
              "jp": {
                "enabled": false
              },
              "nb": {
                "enabled": true
              },
              "pl": {
                "enabled": true
              },
              "pp": {
                "enabled": false
              },
              "ps": {
                "enabled": true
              },
              "qr": {
                "enabled": true
              },
              "wl": {
                "enabled": true
              },
              "cod": {
                "enabled": true
              },
              "pac": {
                "enabled": false
              },
              "upi": {
                "enabled": true
              },
              "card": {
                "enabled": true
              },
              "jiopp": {
                "enabled": false
              },
              "simpl": {
                "enabled": true
              },
              "juspaypg": {
                "enabled": false
              },
              "rupifipg": {
                "enabled": false
              },
              "stripepg": {
                "enabled": false
              },
              "payubizpg": {
                "enabled": false
              },
              "payumoneypg": {
                "enabled": false
              }
            },
            "cod_charges": 0,
            "callback_url": {
              "app": "",
              "web": ""
            },
            "anonymous_cod": false,
            "user_cod_limit": 0,
            "mode_of_payment": "ECOMM",
            "cod_amount_limit": 49000,
            "payment_selection_lock": {
              "enabled": false,
              "default_options": "cod",
              "payment_identifier": "cod"
            }
          },
          "business_format": [
            "standard_commerce"
          ],
          "article_assignment": {
            "level": "multi-companies",
            "strategy": "optimal"
          },
          "force_reassignment": false,
          "sales_channel_logo": "/company/12655/applications/693fe96ce6fa9a0584984321/application/pictures/free-logo/original/Nn-9j-cHp-Techies-Saudi-Store.png",
          "order_source_domain": "viva.fynd.io",
          "post_order_reassignment": true
        }
      },
      "article_details": {
        "status": {
          "bag_confirmed": {
            "69f287460a6638e6b4bb9563": {
              "uid": "69f287460a6638e6b4bb9563",
              "_id": "69f287460a6638e6b4bb9563",
              "is_set": false,
              "bag_ids": [
                {
                  "bag_id": 52215745,
                  "quantity": 1
                }
              ],
              "quantity": 1,
              "reasons": {}
            }
          }
        }
      },
      "dp_details": {
        "id": null,
        "account": null,
        "name": null,
        "awb_no": null,
        "eway_bill_id": null,
        "track_url": null,
        "gst_tag": "sgst",
        "extension_id": null,
        "scheme_id": null,
        "courier_partner_slug": null
      },
      "rto_address": {
        "company_id": 12655,
        "code": "94692",
        "location_type": "high_street",
        "name": "Jeddah, Riyadh, and Dammam",
        "id": 94692,
        "store_address_json": {
          "version": "1.0",
          "contact_person": "Techies",
          "address": "VVP9+CF4 Ash Sharq",
          "address1": "VVP9+CF4 Ash Sharq Ash Sharq\nAd Dubiyah\nRiyadh\nSaudi Arabia",
          "address2": "Ash Sharq",
          "name": "Techies",
          "area": "",
          "area_code": "",
          "area_code_slug": "",
          "landmark": "",
          "city": "Riyadh",
          "state": "",
          "country": "Saudi Arabia",
          "pincode": "",
          "longitude": 46.7121358,
          "sector": "Ad Dubiyah",
          "latitude": 24.6222737,
          "phone": "9660585553300",
          "email": "testing@gmail.com",
          "address_type": "store",
          "address_category": "store",
          "created_at": "2026-06-04 12:28:11",
          "updated_at": "2026-06-04 12:28:11",
          "country_phone_code": null,
          "country_iso_code": "SA",
          "country_code": "SA",
          "phone_number": "0585553300",
          "address_meta": {},
          "display_address": "VVP9+CF4 Ash Sharq Ash Sharq\nAd Dubiyah\nRiyadh\nSaudi Arabia"
        },
        "address1": "VVP9+CF4 Ash Sharq Ash Sharq\nAd Dubiyah\nRiyadh\nSaudi Arabia",
        "address2": "Ash Sharq",
        "display_address": "VVP9+CF4 Ash Sharq Ash Sharq\nAd Dubiyah\nRiyadh\nSaudi Arabia",
        "city": "Riyadh",
        "state": "",
        "sector": "Ad Dubiyah",
        "country": "Saudi Arabia",
        "pincode": "",
        "store_email": "testing@gmail.com",
        "contact_person": "Techies",
        "phone": "9660585553300"
      },
      "weight": {
        "value": 100,
        "unit": "gram"
      },
      "shipment_meta": {
        "sla": 1780560000,
        "dp_id": "652255c58ab4101b2595c6c5",
        "weight": 100,
        "dp_name": "",
        "external": {},
        "vertical": "NA",
        "dimension": {
          "width": 34.29,
          "height": 11,
          "length": 43.18
        },
        "formatted": {
          "max": "Fri, 05 Jun",
          "min": "Fri, 05 Jun"
        },
        "lock_data": {
          "mto": false,
          "locked": false,
          "lock_message": ""
        },
        "timestamp": {
          "max": 1780646400,
          "min": 1780646400
        },
        "awb_number": "",
        "bag_weight": {
          "52215745": 100
        },
        "debug_info": {
          "stormbreaker_uuid": ""
        },
        "dp_options": {},
        "order_type": "HomeDelivery",
        "dp_sort_key": null,
        "is_self_ship": true,
        "packaging_id": "system_default",
        "parent_dp_id": "652255c58ab4101b2595c6c5",
        "tracking_url": "",
        "shipment_cost": 28,
        "shipment_tags": [
          {
            "slug": "Next Day Delivery",
            "entity_type": "shipment",
            "display_text": "Next Day Delivery"
          }
        ],
        "shipment_type": "3P",
        "delivery_slots": {},
        "is_auto_assign": true,
        "packaging_name": "POLYB_DFLT_L",
        "payment_status": "Unpaid",
        "courier_partners": [
          {
            "mps": true,
            "tat": {
              "max": 86400,
              "min": 86400
            },
            "slug": "652255c58ab4101b2595c6c5|652255c58ab4101b2595c6c5",
            "is_cod": true,
            "area_code": {
              "source": "",
              "destination": ""
            },
            "scheme_id": "652255c58ab4101b2595c6c5",
            "display_name": "Self Delivery",
            "extension_id": "652255c58ab4101b2595c6c5",
            "is_self_ship": true,
            "ndr_attempts": 0,
            "rate_breakup": null,
            "delivery_type": "standard",
            "fragile_goods": true,
            "is_qc_enabled": true,
            "estimated_rate": null,
            "is_own_account": true,
            "transport_type": "surface",
            "dangerous_goods": true,
            "doorstep_return": true,
            "restricted_goods": true,
            "doorstep_exchange": true,
            "cold_storage_goods": true,
            "product_installation": true,
            "forward_pickup_cutoff": null,
            "reverse_pickup_cutoff": null,
            "qc_shipment_item_quantity": null,
            "non_qc_shipment_item_quantity": null
          }
        ],
        "fulfillment_tags": [],
        "is_international": false,
        "packaging_weight": null,
        "is_export_shipment": false,
        "packaging_error_rate": null,
        "packaging_vol_weight": null,
        "process_after_config": {
          "is_scheduled_shipment": false,
          "enable_processing_after": null
        },
        "same_store_available": true,
        "comms_delivery_status": {
          "delay_delivery_comms_sent": true
        },
        "promised_delivery_date": "",
        "estimated_delivery_date": "",
        "fulfilment_priority_text": "Next Day Delivery",
        "courier_partner_shipper_name": "",
        "auto_trigger_dp_assignment_ACF": true,
        "eligible_for_split": false
      },
      "shipment_gst": {
        "value_of_good": 24.35,
        "gst_fee": 3.65,
        "brand_calculated_amount": 28,
        "tax_collected_at_source": 0,
        "gstin_code": null
      },
      "store_invoice_id": "",
      "credit_note_id": "",
      "order_created": "2026-06-04T12:28:10+00:00",
      "payment_methods": {
        "COD": {
          "meta": {
            "cart_id": "6a1e8acc8d62cb0b95e7d604",
            "logo_url": {
              "large": "https://cdn.fynd.com/v2/falling-surf-7c8bb8/fyndnp/wrkr/x5/payments/original/t8XMizL2k-cod.png",
              "small": "https://cdn.fynd.com/v2/falling-surf-7c8bb8/fyndnp/wrkr/x5/payments/original/t8XMizL2k-cod.png"
            },
            "payment_id": "FY6A21220154DFB3A680",
            "payment_gateway": "Fynd",
            "payment_identifier": "undefined"
          },
          "mode": "COD",
          "name": "COD",
          "amount": 28,
          "refund_by": "",
          "refund_to": "others",
          "collect_by": "",
          "display_name": "Cash On Delivery"
        }
      },
      "payment_info": [
        {
          "meta": {
            "cart_id": "6a1e8acc8d62cb0b95e7d604",
            "logo_url": {
              "large": "https://cdn.fynd.com/v2/falling-surf-7c8bb8/fyndnp/wrkr/x5/payments/original/t8XMizL2k-cod.png",
              "small": "https://cdn.fynd.com/v2/falling-surf-7c8bb8/fyndnp/wrkr/x5/payments/original/t8XMizL2k-cod.png"
            },
            "payment_id": "FY6A21220154DFB3A680",
            "payment_gateway": "Fynd",
            "payment_identifier": "undefined"
          },
          "mode": "COD",
          "name": "COD",
          "amount": 28,
          "refund_by": "",
          "refund_to": "others",
          "collect_by": "",
          "display_name": "Cash On Delivery"
        }
      ],
      "order": {
        "ordering_channel": "ECOMM",
        "ordering_source": "store_os_pos",
        "affiliate_order_date": "2026-06-04T12:28:09+00:00",
        "affiliate_order_id": "FY6A21220154DFB3A680",
        "fynd_order_id": "FY6A21220154DFB3A680",
        "mode_of_payment": "ECOMM",
        "source": "uniket-desktop",
        "total_order_value": 1095,
        "collect_by": "",
        "refund_by": "",
        "order_value": 1095,
        "meta": {
          "mode": "development",
          "files": [],
          "staff": {},
          "cart_id": 87072210,
          "comment": "\n##NID##[National ID Info] | ID: 123456789 | Nationality: saudi | Mode: OTHER | Name: Junaid Kazi | Phone: +966501234567",
          "currency": {
            "currency_code": "SAR",
            "currency_name": "Saudi Riyal",
            "currency_symbol": "SAR",
            "currency_sub_unit": "Hallalah"
          },
          "device_id": null,
          "extra_meta": {},
          "order_tags": [],
          "order_type": "HomeDelivery",
          "custom_cart": {},
          "custom_meta": [],
          "employee_id": null,
          "company_logo": "/company/12655/applications/693fe96ce6fa9a0584984321/application/pictures/free-logo/original/Nn-9j-cHp-Techies-Saudi-Store.png",
          "payment_type": "self",
          "mongo_cart_id": 87072210,
          "cart_object_id": "6a1e8acc8d62cb0b95e7d604",
          "order_platform": "platform-site",
          "ordering_store": null,
          "seller_details": {
            "currency": {
              "code": "SAR",
              "name": "Saudi Riyal",
              "symbol": "SAR"
            },
            "timezone": "Asia/Riyadh",
            "country_code": "SA"
          },
          "conversion_rate": {
            "base": "SAR",
            "rates": {
              "SAR": {
                "name": "Saudi Riyal",
                "value": 1,
                "symbol": "SAR",
                "sub_unit": "Hallalah"
              }
            },
            "timestamp": 1780554600000
          },
          "currency_symbol": "﷼",
          "custom_cart_meta": {
            "custom_conditions": {
              "national_id": "123456789",
              "nationality": "saudi",
              "identity_mode": "OTHER",
              "recipient_name": "Junaid Kazi",
              "recipient_phone": "+966501234567"
            }
          },
          "transaction_data": {
            "id": "TR6A212201542360C40C",
            "amount": 1095,
            "status": "complete",
            "currency": "SAR",
            "aggregator": "Fynd",
            "payment_id": "TR6A212201542360C40C",
            "terminal_id": "None",
            "transaction_id": "TR6A212201542360C40C",
            "unique_reference_number": "TR6A212201542360C40C"
          },
          "ordering_store_id": null,
          "channel_account_id": "",
          "sales_channel_logo": "https://cdn.fynd.com/v2/falling-surf-7c8bb8/fyprod/wrkr/company/12655/applications/693fe96ce6fa9a0584984321/application/pictures/free-logo/original/Nn-9j-cHp-Techies-Saudi-Store.png",
          "usable_credit_notes": [],
          "order_child_entities": [
            "shipment",
            "bag"
          ],
          "billing_staff_details": {
            "id": null,
            "user": null,
            "last_name": null,
            "first_name": null,
            "employee_code": null
          },
          "platform_user_details": {
            "account_type": null,
            "platform_user_id": null,
            "platform_user_last_name": "",
            "platform_user_first_name": "",
            "platform_user_employee_code": null
          },
          "system_messages": []
        },
        "charges": [],
        "loyalty_discount_details": {},
        "created_ts": "2026-06-04T06:58:09Z"
      },
      "order_source": "uniket-desktop",
      "journey_type": "forward",
      "einvoice_info": {},
      "lock_status": false,
      "original_bag_list": [
        52215745
      ],
      "shipment_update_time": 1780999856.0110435,
      "transaction_meta": {
        "id": "TR6A212201542360C40C",
        "amount": 1095,
        "status": "complete",
        "currency": "SAR",
        "aggregator": "Fynd",
        "payment_id": "TR6A212201542360C40C",
        "terminal_id": "None",
        "transaction_id": "TR6A212201542360C40C",
        "unique_reference_number": "TR6A212201542360C40C"
      },
      "meta": {
        "sla": 1780560000,
        "dp_id": "652255c58ab4101b2595c6c5",
        "weight": 100,
        "dp_name": "",
        "external": {},
        "vertical": "NA",
        "dimension": {
          "width": 34.29,
          "height": 11,
          "length": 43.18
        },
        "formatted": {
          "max": "Fri, 05 Jun",
          "min": "Fri, 05 Jun"
        },
        "lock_data": {
          "mto": false,
          "locked": false,
          "lock_message": ""
        },
        "timestamp": {
          "max": 1780646400,
          "min": 1780646400
        },
        "awb_number": "",
        "bag_weight": {
          "52215745": 100
        },
        "debug_info": {
          "stormbreaker_uuid": ""
        },
        "dp_options": {},
        "order_type": "HomeDelivery",
        "dp_sort_key": null,
        "is_self_ship": true,
        "packaging_id": "system_default",
        "parent_dp_id": "652255c58ab4101b2595c6c5",
        "tracking_url": "",
        "shipment_cost": 28,
        "shipment_tags": [
          {
            "slug": "Next Day Delivery",
            "entity_type": "shipment",
            "display_text": "Next Day Delivery"
          }
        ],
        "shipment_type": "3P",
        "delivery_slots": {},
        "is_auto_assign": true,
        "packaging_name": "POLYB_DFLT_L",
        "payment_status": "Unpaid",
        "courier_partners": [
          {
            "mps": true,
            "tat": {
              "max": 86400,
              "min": 86400
            },
            "slug": "652255c58ab4101b2595c6c5|652255c58ab4101b2595c6c5",
            "is_cod": true,
            "area_code": {
              "source": "",
              "destination": ""
            },
            "scheme_id": "652255c58ab4101b2595c6c5",
            "display_name": "Self Delivery",
            "extension_id": "652255c58ab4101b2595c6c5",
            "is_self_ship": true,
            "ndr_attempts": 0,
            "rate_breakup": null,
            "delivery_type": "standard",
            "fragile_goods": true,
            "is_qc_enabled": true,
            "estimated_rate": null,
            "is_own_account": true,
            "transport_type": "surface",
            "dangerous_goods": true,
            "doorstep_return": true,
            "restricted_goods": true,
            "doorstep_exchange": true,
            "cold_storage_goods": true,
            "product_installation": true,
            "forward_pickup_cutoff": null,
            "reverse_pickup_cutoff": null,
            "qc_shipment_item_quantity": null,
            "non_qc_shipment_item_quantity": null
          }
        ],
        "fulfillment_tags": [],
        "is_international": false,
        "packaging_weight": null,
        "is_export_shipment": false,
        "packaging_error_rate": null,
        "packaging_vol_weight": null,
        "process_after_config": {
          "is_scheduled_shipment": false,
          "enable_processing_after": null
        },
        "same_store_available": true,
        "comms_delivery_status": {
          "delay_delivery_comms_sent": true
        },
        "promised_delivery_date": "",
        "estimated_delivery_date": "",
        "fulfilment_priority_text": "Next Day Delivery",
        "courier_partner_shipper_name": "",
        "auto_trigger_dp_assignment_ACF": true,
        "eligible_for_split": false
      },
      "previous_shipment_id": null,
      "forward_end_shipment_id": null,
      "fyndstore_emp": {},
      "ordering_store": {},
      "coupon": {},
      "cart_info": {
        "cart_id": "6a1e8acc8d62cb0b95e7d604",
        "cart_uid": 87072210
      },
      "charges": [],
      "delivery_charges_breakup": {
        "item_name": "Delivery Charge",
        "value_of_good": 0,
        "hsn_code": "",
        "gst_tag": "IGST",
        "amount_paid": 0,
        "seller_identifier": "600507585",
        "gst_tax_percentage": 15,
        "taxes": [
          {
            "name": "VAT",
            "rate": 0.15,
            "taxable_amount": 0,
            "tax_amount": 0
          }
        ],
        "cgst_gst_fee": 0,
        "sgst_gst_fee": 0,
        "igst_gst_fee": 0,
        "gst_fee": 0,
        "cgst_tax_percentage": 0,
        "sgst_tax_percentage": 0,
        "igst_tax_percentage": 15,
        "total_gst_fee": 0
      },
      "cod_charges_breakup": {
        "item_name": "COD Charges",
        "value_of_good": 0,
        "hsn_code": null,
        "gst_tag": "IGST",
        "amount_paid": 0,
        "gst_tax_percentage": 15,
        "taxes": [
          {
            "name": "VAT",
            "rate": 0.15,
            "taxable_amount": 0,
            "tax_amount": 0
          }
        ],
        "cgst_gst_fee": 0,
        "sgst_gst_fee": 0,
        "igst_gst_fee": 0,
        "gst_fee": 0,
        "cgst_tax_percentage": 0,
        "sgst_tax_percentage": 0,
        "igst_tax_percentage": 15,
        "total_gst_fee": 0
      }
    }
  }
}


